package main

import (
	"github.com/gorilla/mux"
	"github.com/myself/example/app"
)

func main() {
	// "github.com/golang-starters/golang-rest-http/app"
}
